#-----------------------------------------------------------
# Vivado v2019.1 (64-bit)
# SW Build 2552052 on Fri May 24 14:49:42 MDT 2019
# IP Build 2548770 on Fri May 24 18:01:18 MDT 2019
# Start of session at: Mon Feb 12 17:08:55 2024
# Process ID: 23788
# Current directory: C:/Users/qinyu/Desktop/CSE 100/CSE-100/Lab 4/Lab4
# Command line: vivado.exe -gui_launcher_event rodinguilauncherevent27620 C:\Users\qinyu\Desktop\CSE 100\CSE-100\Lab 4\Lab4\Lab4.xpr
# Log file: C:/Users/qinyu/Desktop/CSE 100/CSE-100/Lab 4/Lab4/vivado.log
# Journal file: C:/Users/qinyu/Desktop/CSE 100/CSE-100/Lab 4/Lab4\vivado.jou
#-----------------------------------------------------------
start_gui
open_project {C:/Users/qinyu/Desktop/CSE 100/CSE-100/Lab 4/Lab4/Lab4.xpr}
update_compile_order -fileset sources_1
reset_run synth_1
launch_runs impl_1 -to_step write_bitstream -jobs 12
wait_on_run impl_1
open_hw
connect_hw_server
open_hw_target
set_property PROGRAM.FILE {C:/Users/qinyu/Desktop/CSE 100/CSE-100/Lab 4/Lab4/Lab4.runs/impl_1/Top_Module.bit} [get_hw_devices xc7a35t_0]
current_hw_device [get_hw_devices xc7a35t_0]
refresh_hw_device -update_hw_probes false [lindex [get_hw_devices xc7a35t_0] 0]
set_property PROBES.FILE {} [get_hw_devices xc7a35t_0]
set_property FULL_PROBES.FILE {} [get_hw_devices xc7a35t_0]
set_property PROGRAM.FILE {C:/Users/qinyu/Desktop/CSE 100/CSE-100/Lab 4/Lab4/Lab4.runs/impl_1/Top_Module.bit} [get_hw_devices xc7a35t_0]
program_hw_devices [get_hw_devices xc7a35t_0]
refresh_hw_device [lindex [get_hw_devices xc7a35t_0] 0]
reset_run synth_1
launch_runs impl_1 -to_step write_bitstream -jobs 12
wait_on_run impl_1
set_property PROBES.FILE {} [get_hw_devices xc7a35t_0]
set_property FULL_PROBES.FILE {} [get_hw_devices xc7a35t_0]
set_property PROGRAM.FILE {C:/Users/qinyu/Desktop/CSE 100/CSE-100/Lab 4/Lab4/Lab4.runs/impl_1/Top_Module.bit} [get_hw_devices xc7a35t_0]
program_hw_devices [get_hw_devices xc7a35t_0]
refresh_hw_device [lindex [get_hw_devices xc7a35t_0] 0]
close_hw
launch_simulation
source StateMachine_Test.tcl
run 5000 ns
run 5000 ns
relaunch_sim
run 4 s
relaunch_sim
run 4 s
relaunch_sim
run 4 ns
run 4 us
current_wave_config {Untitled 1}
add_wave {{/StateMachine_Test/UUT/next_idle}} {{/StateMachine_Test/UUT/next_roundstart}} {{/StateMachine_Test/UUT/next_decrement}} {{/StateMachine_Test/UUT/next_roundwin}} {{/StateMachine_Test/UUT/next_roundlose}} {{/StateMachine_Test/UUT/next_gamewin}} 
relaunch_sim
run 4 us
relaunch_sim
run 4 us
run 4 us
relaunch_sim
run 4 us
run 4 us
run 4 us
run 4 us
relaunch_sim
run 4 us
run 4 us
run 4 us
relaunch_sim
run 4 us
run 4 us
run 4 us
run 4 us
run 4 us
run 4 us
run 4 us
run 4 us
run 4 us
run 4 us
run 4 us
relaunch_sim
run 4 us
run 4 us
run 4 us
run 4 us
run 4 us
run 4 us
relaunch_sim
relaunch_sim
reset_run synth_1
launch_runs impl_1 -to_step write_bitstream -jobs 12
wait_on_run impl_1
open_hw
connect_hw_server
open_hw_target
set_property PROGRAM.FILE {C:/Users/qinyu/Desktop/CSE 100/CSE-100/Lab 4/Lab4/Lab4.runs/impl_1/Top_Module.bit} [get_hw_devices xc7a35t_0]
current_hw_device [get_hw_devices xc7a35t_0]
refresh_hw_device -update_hw_probes false [lindex [get_hw_devices xc7a35t_0] 0]
set_property PROBES.FILE {} [get_hw_devices xc7a35t_0]
set_property FULL_PROBES.FILE {} [get_hw_devices xc7a35t_0]
set_property PROGRAM.FILE {C:/Users/qinyu/Desktop/CSE 100/CSE-100/Lab 4/Lab4/Lab4.runs/impl_1/Top_Module.bit} [get_hw_devices xc7a35t_0]
program_hw_devices [get_hw_devices xc7a35t_0]
refresh_hw_device [lindex [get_hw_devices xc7a35t_0] 0]
reset_run synth_1
launch_runs impl_1 -to_step write_bitstream -jobs 12
wait_on_run impl_1
set_property PROBES.FILE {} [get_hw_devices xc7a35t_0]
set_property FULL_PROBES.FILE {} [get_hw_devices xc7a35t_0]
set_property PROGRAM.FILE {C:/Users/qinyu/Desktop/CSE 100/CSE-100/Lab 4/Lab4/Lab4.runs/impl_1/Top_Module.bit} [get_hw_devices xc7a35t_0]
program_hw_devices [get_hw_devices xc7a35t_0]
refresh_hw_device [lindex [get_hw_devices xc7a35t_0] 0]
close_hw
archive_project {C:/Users/qinyu/Desktop/CSE 100/CSE-100/Lab 4/Lab4_Submission_2_12.xpr.zip} -temp_dir {C:/Users/qinyu/Desktop/CSE 100/CSE-100/Lab 4/Lab4/.Xil/Vivado-23788-QPC} -force -include_local_ip_cache -include_config_settings
close_sim
