#-----------------------------------------------------------
# Vivado v2019.1 (64-bit)
# SW Build 2552052 on Fri May 24 14:49:42 MDT 2019
# IP Build 2548770 on Fri May 24 18:01:18 MDT 2019
# Start of session at: Wed Jan 17 21:12:56 2024
# Process ID: 1296
# Current directory: C:/Users/qinyu/Desktop/CSE 100/CSE-100/Lab2
# Command line: vivado.exe -gui_launcher_event rodinguilauncherevent7604 C:\Users\qinyu\Desktop\CSE 100\CSE-100\Lab2\Lab2.xpr
# Log file: C:/Users/qinyu/Desktop/CSE 100/CSE-100/Lab2/vivado.log
# Journal file: C:/Users/qinyu/Desktop/CSE 100/CSE-100/Lab2\vivado.jou
#-----------------------------------------------------------
start_gui
open_project {C:/Users/qinyu/Desktop/CSE 100/CSE-100/Lab2/Lab2.xpr}
update_compile_order -fileset sources_1
launch_simulation
source test_add.tcl
run 10 us
run 10 us
run 10 us
current_wave_config {Untitled 1}
add_wave {{/test_add/UUT/AddSub8_Output}} 
relaunch_sim
run 10 us
run 10 us
relaunch_sim
run 10 us
relaunch_sim
run 10 us
relaunch_sim
run 10 us
update_compile_order -fileset sim_1
update_compile_order -fileset sim_1
close_sim
