#-----------------------------------------------------------
# Vivado v2019.1 (64-bit)
# SW Build 2552052 on Fri May 24 14:49:42 MDT 2019
# IP Build 2548770 on Fri May 24 18:01:18 MDT 2019
# Start of session at: Wed Jan 17 04:21:47 2024
# Process ID: 29728
# Current directory: C:/Users/qinyu/Desktop/CSE 100/CSE-100/Lab2
# Command line: vivado.exe -gui_launcher_event rodinguilauncherevent29240 C:\Users\qinyu\Desktop\CSE 100\CSE-100\Lab2\Lab2.xpr
# Log file: C:/Users/qinyu/Desktop/CSE 100/CSE-100/Lab2/vivado.log
# Journal file: C:/Users/qinyu/Desktop/CSE 100/CSE-100/Lab2\vivado.jou
#-----------------------------------------------------------
start_gui
open_project {C:/Users/qinyu/Desktop/CSE 100/CSE-100/Lab2/Lab2.xpr}
update_compile_order -fileset sources_1
reset_run synth_1
launch_runs impl_1 -to_step write_bitstream -jobs 12
wait_on_run impl_1
reset_run synth_1
launch_runs impl_1 -to_step write_bitstream -jobs 12
wait_on_run impl_1
archive_project {C:/Users/qinyu/Desktop/CSE 100/CSE-100/Lab2.xpr.zip} -temp_dir {C:/Users/qinyu/Desktop/CSE 100/CSE-100/Lab2/.Xil/Vivado-29728-QPC} -force -include_local_ip_cache -include_config_settings
